[fetch-image] Recherche Openverse : electricity bill reading
[fetch-image] Telechargement : https://live.staticflickr.com/3100/2511924084_44fcc57888_b.jpg
[fetch-image] cwebp absent, conserve en jpg : static/images/blog/lire-facture-electricite.jpg
[fetch-image] Recherche Openverse : refrigerator kitchen appliance
[fetch-image] Telechargement : https://upload.wikimedia.org/wikipedia/commons/3/3e/Whirlpool_Stainless_Steel_Refrigerator_-_Kitchen_Appliances_%2853075130097%29.jpg
[fetch-image] cwebp absent, conserve en jpg : static/images/blog/acheter-refrigerateur-reconditionne.jpg
[fetch-image] Recherche Openverse : washing machine repair technician
[fetch-image] Telechargement : https://upload.wikimedia.org/wikipedia/commons/b/b1/Nawazpumpsandborewell.jpg
[fetch-image] ERREUR : format non supporte (text/plain)
[fetch-image] Recherche Openverse : washing machine appliance repair
[fetch-image] Telechargement : https://live.staticflickr.com/1237/817650679_35c255337b_b.jpg
[fetch-image] cwebp absent, conserve en jpg : static/images/blog/reparer-remplacer-electromenager.jpg
[fetch-image] Recherche Openverse : attic insulation renovation
[fetch-image] Telechargement : https://live.staticflickr.com/3103/2578096889_210e8611b4_b.jpg
[fetch-image] cwebp absent, conserve en jpg : static/images/blog/isolation-combles-par-ou-commencer.jpg
[fetch-image] Recherche Openverse : plumber fixing water leak pipe
[fetch-image] Telechargement : https://live.staticflickr.com/5004/5306295850_298b1f3630_b.jpg
[fetch-image] cwebp absent, conserve en jpg : static/images/blog/fuite-eau-premiers-gestes-plombier.jpg
[fetch-image] Recherche Openverse : small space storage organization
[fetch-image] Recherche Openverse : small terrace garden decoration
[fetch-image] Recherche Openverse : small space storage organization
[fetch-image] Telechargement : https://upload.wikimedia.org/wikipedia/commons/a/a7/DFC_4730_A_woman_in_a_colorful_apron_and_headscarf_stands_in_a_small_warmly_lit_kitchen_surrounded_by_cooking_utensils_storage_shelves_and_a_refrigerator_-_a_cozy_everyday_scene_in_Bang_Lamung_Chon_Buri.jpg?utm_source=commons.wikimedia.org&utm_campaign=imageinfo&utm_content=original
[fetch-image] cwebp absent, conserve en jpg : static/images/blog/astuces-rangement-petit-espace.jpg
[fetch-image] Recherche Openverse : small terrace garden decoration
[fetch-image] Telechargement : https://live.staticflickr.com/3936/15455241536_fae3ec0ea4_b.jpg
[fetch-image] cwebp absent, conserve en jpg : static/images/blog/amenager-terrasse-petit-budget.jpg
[fetch-image] Recherche Openverse : cleaning oven kitchen natural
[fetch-image] Telechargement : https://live.staticflickr.com/5015/5549371041_17440298ac.jpg
[fetch-image] cwebp absent, conserve en jpg : static/images/blog/nettoyer-four-sans-produits-chimiques.jpg
[fetch-image] Recherche Openverse : kitchen oven cleaning
[fetch-image] Telechargement : https://live.staticflickr.com/4121/4928332668_ea0c378038_b.jpg
[fetch-image] cwebp absent, conserve en jpg : static/images/blog/nettoyer-four-sans-produits-chimiques.jpg
[fetch-image] Recherche Openverse : home organization daily life
[fetch-image] Telechargement : https://live.staticflickr.com/7183/6960929822_627e428cbc_b.jpg
[fetch-image] cwebp absent, conserve en jpg : static/images/blog/organiser-quotidien-maison.jpg
[fetch-image] Recherche Openverse : tidy living room home
[fetch-image] Telechargement : https://live.staticflickr.com/1248/1479254938_a57ceee601_b.jpg
[fetch-image] cwebp absent, conserve en jpg : static/images/blog/organiser-quotidien-maison.jpg
