[fetch-image] Recherche Openverse : solar panels rooftop house
[fetch-image] Telechargement : https://live.staticflickr.com/7040/6949115457_f4749e3c0f_b.jpg
[fetch-image] cwebp absent, conserve en jpg : static/images/categories/cat-energie.jpg
[fetch-image] Recherche Openverse : kitchen appliances
[fetch-image] Telechargement : https://live.staticflickr.com/5/4685908_3e5dffcb8d_b.jpg
[fetch-image] cwebp absent, conserve en jpg : static/images/categories/cat-equipement.jpg
[fetch-image] Recherche Openverse : house renovation construction site
[fetch-image] Telechargement : https://live.staticflickr.com/7203/7020419301_073fbc8757_b.jpg
[fetch-image] cwebp absent, conserve en jpg : static/images/categories/cat-travaux.jpg
[fetch-image] Recherche Openverse : interior design living room decor
[fetch-image] Telechargement : https://live.staticflickr.com/3086/3122092035_d957108380_b.jpg
[fetch-image] cwebp absent, conserve en jpg : static/images/categories/cat-amenagement.jpg
[fetch-image] Recherche Openverse : home interior decoration furniture
[fetch-image] Telechargement : https://live.staticflickr.com/3026/2908495918_128610926e_b.jpg
[fetch-image] cwebp absent, conserve en jpg : static/images/categories/cat-amenagement.jpg
[fetch-image] Recherche Openverse : modern living room design
[fetch-image] Telechargement : https://live.staticflickr.com/8456/29813589182_fdb0fda8b5_b.jpg
[fetch-image] cwebp absent, conserve en jpg : static/images/categories/cat-amenagement.jpg
[fetch-image] Recherche Openverse : house cleaning supplies
[fetch-image] Telechargement : https://live.staticflickr.com/3627/3481392789_4c46c2df54_b.jpg
[fetch-image] cwebp absent, conserve en jpg : static/images/categories/cat-entretien.jpg
[fetch-image] Recherche Openverse : cleaning kitchen sponge spray
[fetch-image] Telechargement : https://images.rawpixel.com/editor_1024/cHJpdmF0ZS9sci9pbWFnZXMvd2Vic2l0ZS8yMDIyLTA1L3B4OTg3ODcwLWltYWdlLWt3dnVwZnM1LmpwZw.jpg
[fetch-image] Image deja en WebP : static/images/categories/cat-entretien.webp
